// Jest Snapshot v1, https://goo.gl/fbAQLP

exports[`Index is a Vue instance 1`] = `
<section class="section">
  <div class="columns is-mobile">
    <card-stub title="Free" icon="github">
      Open source on <a href="https://github.com/buefy/buefy"> GitHub </a></card-stub>
    <card-stub title="Responsive" icon="cellphone-link"><b class="has-text-grey"> Every </b> component is responsive
    </card-stub>
    <card-stub title="Modern" icon="alert-decagram">
      Built with <a href="https://vuejs.org/"> Vue.js </a> and
      <a href="http://bulma.io/"> Bulma </a>
    </card-stub>
    <card-stub title="Lightweight" icon="arrange-bring-to-front">
      No other internal dependency
    </card-stub>
  </div>
  <div class="columns is-mobile">
    <card-stub title="Free" icon="github">
      Open source on <a href="https://github.com/buefy/buefy"> GitHub </a></card-stub>
    <card-stub title="Responsive" icon="cellphone-link"><b class="has-text-grey"> Every </b> component is responsive
    </card-stub>
    <card-stub title="Modern" icon="alert-decagram">
      Built with <a href="https://vuejs.org/"> Vue.js </a> and
      <a href="http://bulma.io/"> Bulma </a>
    </card-stub>
    <card-stub title="Lightweight" icon="arrange-bring-to-front">
      No other internal dependency
    </card-stub>
  </div>
  <div class="columns is-mobile">
    <card-stub title="Free" icon="github">
      Open source on <a href="https://github.com/buefy/buefy"> GitHub </a></card-stub>
    <card-stub title="Responsive" icon="cellphone-link"><b class="has-text-grey"> Every </b> component is responsive
    </card-stub>
    <card-stub title="Modern" icon="alert-decagram">
      Built with <a href="https://vuejs.org/"> Vue.js </a> and
      <a href="http://bulma.io/"> Bulma </a>
    </card-stub>
    <card-stub title="Lightweight" icon="arrange-bring-to-front">
      No other internal dependency
    </card-stub>
  </div>
  <div class="columns is-mobile">
    <card-stub title="Free" icon="github">
      Open source on <a href="https://github.com/buefy/buefy"> GitHub </a></card-stub>
    <card-stub title="Responsive" icon="cellphone-link"><b class="has-text-grey"> Every </b> component is responsive
    </card-stub>
    <card-stub title="Modern" icon="alert-decagram">
      Built with <a href="https://vuejs.org/"> Vue.js </a> and
      <a href="http://bulma.io/"> Bulma </a>
    </card-stub>
    <card-stub title="Lightweight" icon="arrange-bring-to-front">
      No other internal dependency
    </card-stub>
  </div>
</section>
`;
