// Jest Snapshot v1, https://goo.gl/fbAQLP

exports[`DeviceListItem template should render device list item 1`] = `
<div data-list-item-id="1" class="box">
  <article class="media">
    <div class="media-left">
      <div class="content has-text-centered">
        <b-icon-stub type="is-primary" icon="laptop" size="is-large" data-card-icon=""></b-icon-stub>
      </div>
    </div>
    <div class="media-content">
      <div class="content">
        <p><strong data-list-item-title="1">Macbook-Dave</strong> <small data-list-item-os="1">Mac</small> <br> <span data-list-item-description="1">
            Macbook laptop
          </span></p>
      </div>
    </div>
  </article>
</div>
`;
