// Jest Snapshot v1, https://goo.gl/fbAQLP

exports[`Devices template is a Vue instance 1`] = `
<section class="section">
  <h2 data-device-title="" class="title is-3 has-text-grey">Devices</h2>
  <device-list-stub devices="" data-device-list=""></device-list-stub>
</section>
`;
